{
	"Description": "Two play incomplete game",
	"Game": {
		"Name": "pig",
		"Id": "81137F3F9F5D40BA",
		"SecretSalt": "FBB49C983100331F",
		"Version": 27,
		"Winners": null,
		"Finished": false,
		"Created": "2018-09-23T21:08:09.718054-07:00",
		"Modified": "2018-09-23T21:08:30.616957-07:00",
		"NumPlayers": 2,
		"Agents": [
			"",
			""
		],
		"Variant": null
	},
	"Moves": [
		{
			"Name": "Count Die",
			"Version": 1,
			"Initiator": 1,
			"Phase": -1,
			"Proposer": -2,
			"Timestamp": "2018-09-23T21:08:09.718857-07:00",
			"Blob": {
				"TargetPlayerIndex": 0
			}
		},
		{
			"Name": "Finish Turn",
			"Version": 2,
			"Initiator": 1,
			"Phase": -1,
			"Proposer": -2,
			"Timestamp": "2018-09-23T21:08:09.71994-07:00",
			"Blob": {}
		},
		{
			"Name": "Roll Dice",
			"Version": 3,
			"Initiator": 3,
			"Phase": -1,
			"Proposer": 1,
			"Timestamp": "2018-09-23T21:08:21.121812-07:00",
			"Blob": {
				"TargetPlayerIndex": 1
			}
		},
		{
			"Name": "Count Die",
			"Version": 4,
			"Initiator": 3,
			"Phase": -1,
			"Proposer": -2,
			"Timestamp": "2018-09-23T21:08:21.124814-07:00",
			"Blob": {
				"TargetPlayerIndex": 1
			}
		},
		{
			"Name": "Roll Dice",
			"Version": 5,
			"Initiator": 5,
			"Phase": -1,
			"Proposer": 1,
			"Timestamp": "2018-09-23T21:08:21.891601-07:00",
			"Blob": {
				"TargetPlayerIndex": 1
			}
		},
		{
			"Name": "Count Die",
			"Version": 6,
			"Initiator": 5,
			"Phase": -1,
			"Proposer": -2,
			"Timestamp": "2018-09-23T21:08:21.892489-07:00",
			"Blob": {
				"TargetPlayerIndex": 1
			}
		},
		{
			"Name": "Roll Dice",
			"Version": 7,
			"Initiator": 7,
			"Phase": -1,
			"Proposer": 1,
			"Timestamp": "2018-09-23T21:08:22.758688-07:00",
			"Blob": {
				"TargetPlayerIndex": 1
			}
		},
		{
			"Name": "Count Die",
			"Version": 8,
			"Initiator": 7,
			"Phase": -1,
			"Proposer": -2,
			"Timestamp": "2018-09-23T21:08:22.760645-07:00",
			"Blob": {
				"TargetPlayerIndex": 1
			}
		},
		{
			"Name": "Done Turn",
			"Version": 9,
			"Initiator": 9,
			"Phase": -1,
			"Proposer": 1,
			"Timestamp": "2018-09-23T21:08:23.661274-07:00",
			"Blob": {
				"TargetPlayerIndex": 1
			}
		},
		{
			"Name": "Finish Turn",
			"Version": 10,
			"Initiator": 9,
			"Phase": -1,
			"Proposer": -2,
			"Timestamp": "2018-09-23T21:08:23.662219-07:00",
			"Blob": {}
		},
		{
			"Name": "Roll Dice",
			"Version": 11,
			"Initiator": 11,
			"Phase": -1,
			"Proposer": 0,
			"Timestamp": "2018-09-23T21:08:24.794676-07:00",
			"Blob": {
				"TargetPlayerIndex": 0
			}
		},
		{
			"Name": "Count Die",
			"Version": 12,
			"Initiator": 11,
			"Phase": -1,
			"Proposer": -2,
			"Timestamp": "2018-09-23T21:08:24.795596-07:00",
			"Blob": {
				"TargetPlayerIndex": 0
			}
		},
		{
			"Name": "Roll Dice",
			"Version": 13,
			"Initiator": 13,
			"Phase": -1,
			"Proposer": 0,
			"Timestamp": "2018-09-23T21:08:25.464864-07:00",
			"Blob": {
				"TargetPlayerIndex": 0
			}
		},
		{
			"Name": "Count Die",
			"Version": 14,
			"Initiator": 13,
			"Phase": -1,
			"Proposer": -2,
			"Timestamp": "2018-09-23T21:08:25.466449-07:00",
			"Blob": {
				"TargetPlayerIndex": 0
			}
		},
		{
			"Name": "Roll Dice",
			"Version": 15,
			"Initiator": 15,
			"Phase": -1,
			"Proposer": 0,
			"Timestamp": "2018-09-23T21:08:26.106412-07:00",
			"Blob": {
				"TargetPlayerIndex": 0
			}
		},
		{
			"Name": "Count Die",
			"Version": 16,
			"Initiator": 15,
			"Phase": -1,
			"Proposer": -2,
			"Timestamp": "2018-09-23T21:08:26.107971-07:00",
			"Blob": {
				"TargetPlayerIndex": 0
			}
		},
		{
			"Name": "Done Turn",
			"Version": 17,
			"Initiator": 17,
			"Phase": -1,
			"Proposer": 0,
			"Timestamp": "2018-09-23T21:08:27.059826-07:00",
			"Blob": {
				"TargetPlayerIndex": 0
			}
		},
		{
			"Name": "Finish Turn",
			"Version": 18,
			"Initiator": 17,
			"Phase": -1,
			"Proposer": -2,
			"Timestamp": "2018-09-23T21:08:27.060922-07:00",
			"Blob": {}
		},
		{
			"Name": "Roll Dice",
			"Version": 19,
			"Initiator": 19,
			"Phase": -1,
			"Proposer": 1,
			"Timestamp": "2018-09-23T21:08:28.372485-07:00",
			"Blob": {
				"TargetPlayerIndex": 1
			}
		},
		{
			"Name": "Count Die",
			"Version": 20,
			"Initiator": 19,
			"Phase": -1,
			"Proposer": -2,
			"Timestamp": "2018-09-23T21:08:28.373363-07:00",
			"Blob": {
				"TargetPlayerIndex": 1
			}
		},
		{
			"Name": "Finish Turn",
			"Version": 21,
			"Initiator": 19,
			"Phase": -1,
			"Proposer": -2,
			"Timestamp": "2018-09-23T21:08:28.374457-07:00",
			"Blob": {}
		},
		{
			"Name": "Roll Dice",
			"Version": 22,
			"Initiator": 22,
			"Phase": -1,
			"Proposer": 0,
			"Timestamp": "2018-09-23T21:08:29.026997-07:00",
			"Blob": {
				"TargetPlayerIndex": 0
			}
		},
		{
			"Name": "Count Die",
			"Version": 23,
			"Initiator": 22,
			"Phase": -1,
			"Proposer": -2,
			"Timestamp": "2018-09-23T21:08:29.028749-07:00",
			"Blob": {
				"TargetPlayerIndex": 0
			}
		},
		{
			"Name": "Roll Dice",
			"Version": 24,
			"Initiator": 24,
			"Phase": -1,
			"Proposer": 0,
			"Timestamp": "2018-09-23T21:08:29.618398-07:00",
			"Blob": {
				"TargetPlayerIndex": 0
			}
		},
		{
			"Name": "Count Die",
			"Version": 25,
			"Initiator": 24,
			"Phase": -1,
			"Proposer": -2,
			"Timestamp": "2018-09-23T21:08:29.620527-07:00",
			"Blob": {
				"TargetPlayerIndex": 0
			}
		},
		{
			"Name": "Done Turn",
			"Version": 26,
			"Initiator": 26,
			"Phase": -1,
			"Proposer": 0,
			"Timestamp": "2018-09-23T21:08:30.615613-07:00",
			"Blob": {
				"TargetPlayerIndex": 0
			}
		},
		{
			"Name": "Finish Turn",
			"Version": 27,
			"Initiator": 26,
			"Phase": -1,
			"Proposer": -2,
			"Timestamp": "2018-09-23T21:08:30.616957-07:00",
			"Blob": {}
		}
	],
	"StatePatches": [
		{
			"Components": [
				{
					"dice": [
						{
							"SelectedFace": 0,
							"Value": 1
						}
					]
				}
			],
			"Game": [
				{
					"CurrentPlayer": 0,
					"Die": {
						"Deck": "dice",
						"Ids": [
							"c67dbe03c38a60856d655d76e7dd4826fe0deb18"
						],
						"IdsLastSeen": {
							"c67dbe03c38a60856d655d76e7dd4826fe0deb18": 0
						},
						"Indexes": [
							0
						],
						"Size": 1
					},
					"TargetScore": 100
				}
			],
			"Players": [
				[
					{
						"Busted": false,
						"DieCounted": false,
						"Done": false,
						"RoundScore": 0,
						"TotalScore": 0
					},
					{
						"Busted": false,
						"DieCounted": false,
						"Done": false,
						"RoundScore": 0,
						"TotalScore": 0
					}
				]
			],
			"Version": [
				0
			]
		},
		{
			"Players": {
				"0": {
					"Busted": [
						false,
						true
					],
					"DieCounted": [
						false,
						true
					]
				},
				"_t": "a"
			},
			"Version": [
				0,
				1
			]
		},
		{
			"Game": {
				"CurrentPlayer": [
					0,
					1
				]
			},
			"Players": {
				"0": {
					"Busted": [
						true,
						false
					]
				},
				"1": {
					"DieCounted": [
						false,
						true
					]
				},
				"_t": "a"
			},
			"Version": [
				1,
				2
			]
		},
		{
			"Components": {
				"dice": {
					"0": {
						"SelectedFace": [
							0,
							4
						],
						"Value": [
							1,
							5
						]
					},
					"_t": "a"
				}
			},
			"Players": {
				"1": {
					"DieCounted": [
						true,
						false
					]
				},
				"_t": "a"
			},
			"Version": [
				2,
				3
			]
		},
		{
			"Players": {
				"1": {
					"DieCounted": [
						false,
						true
					],
					"RoundScore": [
						0,
						5
					]
				},
				"_t": "a"
			},
			"Version": [
				3,
				4
			]
		},
		{
			"Components": {
				"dice": {
					"0": {
						"SelectedFace": [
							4,
							3
						],
						"Value": [
							5,
							4
						]
					},
					"_t": "a"
				}
			},
			"Players": {
				"1": {
					"DieCounted": [
						true,
						false
					]
				},
				"_t": "a"
			},
			"Version": [
				4,
				5
			]
		},
		{
			"Players": {
				"1": {
					"DieCounted": [
						false,
						true
					],
					"RoundScore": [
						5,
						9
					]
				},
				"_t": "a"
			},
			"Version": [
				5,
				6
			]
		},
		{
			"Players": {
				"1": {
					"DieCounted": [
						true,
						false
					]
				},
				"_t": "a"
			},
			"Version": [
				6,
				7
			]
		},
		{
			"Players": {
				"1": {
					"DieCounted": [
						false,
						true
					],
					"RoundScore": [
						9,
						13
					]
				},
				"_t": "a"
			},
			"Version": [
				7,
				8
			]
		},
		{
			"Players": {
				"1": {
					"Done": [
						false,
						true
					]
				},
				"_t": "a"
			},
			"Version": [
				8,
				9
			]
		},
		{
			"Game": {
				"CurrentPlayer": [
					1,
					0
				]
			},
			"Players": {
				"1": {
					"Done": [
						true,
						false
					],
					"RoundScore": [
						13,
						0
					],
					"TotalScore": [
						0,
						13
					]
				},
				"_t": "a"
			},
			"Version": [
				9,
				10
			]
		},
		{
			"Components": {
				"dice": {
					"0": {
						"SelectedFace": [
							3,
							1
						],
						"Value": [
							4,
							2
						]
					},
					"_t": "a"
				}
			},
			"Players": {
				"0": {
					"DieCounted": [
						true,
						false
					]
				},
				"_t": "a"
			},
			"Version": [
				10,
				11
			]
		},
		{
			"Players": {
				"0": {
					"DieCounted": [
						false,
						true
					],
					"RoundScore": [
						0,
						2
					]
				},
				"_t": "a"
			},
			"Version": [
				11,
				12
			]
		},
		{
			"Components": {
				"dice": {
					"0": {
						"SelectedFace": [
							1,
							2
						],
						"Value": [
							2,
							3
						]
					},
					"_t": "a"
				}
			},
			"Players": {
				"0": {
					"DieCounted": [
						true,
						false
					]
				},
				"_t": "a"
			},
			"Version": [
				12,
				13
			]
		},
		{
			"Players": {
				"0": {
					"DieCounted": [
						false,
						true
					],
					"RoundScore": [
						2,
						5
					]
				},
				"_t": "a"
			},
			"Version": [
				13,
				14
			]
		},
		{
			"Players": {
				"0": {
					"DieCounted": [
						true,
						false
					]
				},
				"_t": "a"
			},
			"Version": [
				14,
				15
			]
		},
		{
			"Players": {
				"0": {
					"DieCounted": [
						false,
						true
					],
					"RoundScore": [
						5,
						8
					]
				},
				"_t": "a"
			},
			"Version": [
				15,
				16
			]
		},
		{
			"Players": {
				"0": {
					"Done": [
						false,
						true
					]
				},
				"_t": "a"
			},
			"Version": [
				16,
				17
			]
		},
		{
			"Game": {
				"CurrentPlayer": [
					0,
					1
				]
			},
			"Players": {
				"0": {
					"Done": [
						true,
						false
					],
					"RoundScore": [
						8,
						0
					],
					"TotalScore": [
						0,
						8
					]
				},
				"_t": "a"
			},
			"Version": [
				17,
				18
			]
		},
		{
			"Components": {
				"dice": {
					"0": {
						"SelectedFace": [
							2,
							0
						],
						"Value": [
							3,
							1
						]
					},
					"_t": "a"
				}
			},
			"Players": {
				"1": {
					"DieCounted": [
						true,
						false
					]
				},
				"_t": "a"
			},
			"Version": [
				18,
				19
			]
		},
		{
			"Players": {
				"1": {
					"Busted": [
						false,
						true
					],
					"DieCounted": [
						false,
						true
					]
				},
				"_t": "a"
			},
			"Version": [
				19,
				20
			]
		},
		{
			"Game": {
				"CurrentPlayer": [
					1,
					0
				]
			},
			"Players": {
				"1": {
					"Busted": [
						true,
						false
					]
				},
				"_t": "a"
			},
			"Version": [
				20,
				21
			]
		},
		{
			"Components": {
				"dice": {
					"0": {
						"SelectedFace": [
							0,
							4
						],
						"Value": [
							1,
							5
						]
					},
					"_t": "a"
				}
			},
			"Players": {
				"0": {
					"DieCounted": [
						true,
						false
					]
				},
				"_t": "a"
			},
			"Version": [
				21,
				22
			]
		},
		{
			"Players": {
				"0": {
					"DieCounted": [
						false,
						true
					],
					"RoundScore": [
						0,
						5
					]
				},
				"_t": "a"
			},
			"Version": [
				22,
				23
			]
		},
		{
			"Players": {
				"0": {
					"DieCounted": [
						true,
						false
					]
				},
				"_t": "a"
			},
			"Version": [
				23,
				24
			]
		},
		{
			"Players": {
				"0": {
					"DieCounted": [
						false,
						true
					],
					"RoundScore": [
						5,
						10
					]
				},
				"_t": "a"
			},
			"Version": [
				24,
				25
			]
		},
		{
			"Players": {
				"0": {
					"Done": [
						false,
						true
					]
				},
				"_t": "a"
			},
			"Version": [
				25,
				26
			]
		},
		{
			"Game": {
				"CurrentPlayer": [
					0,
					1
				]
			},
			"Players": {
				"0": {
					"Done": [
						true,
						false
					],
					"RoundScore": [
						10,
						0
					],
					"TotalScore": [
						8,
						18
					]
				},
				"_t": "a"
			},
			"Version": [
				26,
				27
			]
		}
	],
	"omitempty": ""
}