{
	"Game": {
		"Name": "memory",
		"Id": "FEC3529FFCA41C00",
		"SecretSalt": "46026CC924867DFD",
		"Version": 5,
		"Winners": null,
		"Finished": false,
		"Created": "2018-10-07T16:43:17.03583-07:00",
		"Modified": "2018-10-07T16:43:20.946999-07:00",
		"NumPlayers": 2,
		"Agents": [
			"",
			""
		],
		"Variant": {
			"cardset": "all",
			"numcards": "small"
		}
	},
	"Moves": [
		{
			"Name": "Reveal Card",
			"Version": 1,
			"Initiator": 1,
			"Phase": -1,
			"Proposer": 0,
			"Timestamp": "2018-10-07T16:43:18.035221-07:00",
			"Blob": {
				"TargetPlayerIndex": 0,
				"CardIndex": 2
			}
		},
		{
			"Name": "Reveal Card",
			"Version": 2,
			"Initiator": 2,
			"Phase": -1,
			"Proposer": 0,
			"Timestamp": "2018-10-07T16:43:18.722191-07:00",
			"Blob": {
				"TargetPlayerIndex": 0,
				"CardIndex": 7
			}
		},
		{
			"Name": "Start Hide Cards Timer",
			"Version": 3,
			"Initiator": 2,
			"Phase": -1,
			"Proposer": -2,
			"Timestamp": "2018-10-07T16:43:18.73149-07:00",
			"Blob": {}
		},
		{
			"Name": "Hide Cards",
			"Version": 4,
			"Initiator": 4,
			"Phase": -1,
			"Proposer": 0,
			"Timestamp": "2018-10-07T16:43:20.937984-07:00",
			"Blob": {
				"TargetPlayerIndex": 0
			}
		},
		{
			"Name": "Finish Turn",
			"Version": 5,
			"Initiator": 4,
			"Phase": -1,
			"Proposer": -2,
			"Timestamp": "2018-10-07T16:43:20.946999-07:00",
			"Blob": {}
		}
	],
	"StatePatches": [
		{
			"Components": [
				{}
			],
			"Game": [
				{
					"CardSet": "all",
					"Cards": {
						"Deck": "cards",
						"Ids": [
							"2571d0cbc5faa8654a23d35e2ce0247b98046071",
							"92324bbf0577e8ba9f43545adfab703ff1e91d86",
							"29e2715869172cf5743e61766a1de5265bddad3a",
							"bb416b7188f82b43b7c4e16de6e48025809b0233",
							"5504c4822a1fdf9eb9b6c50ed5c3c0265fa73e0e",
							"0d1c56a25da69771e93542c31f976cf992a478ba",
							"b65c41eb029de7c8096bd6de3c2539f0c092314f",
							"4edc6b4f6c335ec64f39334f0afaf6b7a33bb8cd",
							"0c982c588858e71d4f44679e1aa2319091cfcdef",
							"8bc3813c4b5cd0c87c5a1f65701e994cbf862f2a"
						],
						"IdsLastSeen": {},
						"Indexes": [
							73,
							15,
							112,
							113,
							92,
							72,
							93,
							14,
							68,
							69
						],
						"Size": 10,
						"ShuffleCount": 1
					},
					"CurrentPlayer": 0,
					"HiddenCards": {
						"Deck": "cards",
						"Ids": [
							"2571d0cbc5faa8654a23d35e2ce0247b98046071",
							"92324bbf0577e8ba9f43545adfab703ff1e91d86",
							"29e2715869172cf5743e61766a1de5265bddad3a",
							"bb416b7188f82b43b7c4e16de6e48025809b0233",
							"5504c4822a1fdf9eb9b6c50ed5c3c0265fa73e0e",
							"0d1c56a25da69771e93542c31f976cf992a478ba",
							"b65c41eb029de7c8096bd6de3c2539f0c092314f",
							"4edc6b4f6c335ec64f39334f0afaf6b7a33bb8cd",
							"0c982c588858e71d4f44679e1aa2319091cfcdef",
							"8bc3813c4b5cd0c87c5a1f65701e994cbf862f2a"
						],
						"IdsLastSeen": {
							"0c982c588858e71d4f44679e1aa2319091cfcdef": 0,
							"0ca5b0f717e4d9df5dfba770d6b29070207fabc7": 0,
							"0d1c56a25da69771e93542c31f976cf992a478ba": 0,
							"2571d0cbc5faa8654a23d35e2ce0247b98046071": 0,
							"29e2715869172cf5743e61766a1de5265bddad3a": 0,
							"41df3b35b8ef6b56d3025677ddccd3198aec7827": 0,
							"4edc6b4f6c335ec64f39334f0afaf6b7a33bb8cd": 0,
							"5504c4822a1fdf9eb9b6c50ed5c3c0265fa73e0e": 0,
							"557c726cb4a50a36a7fd4080c86a7b5ab0a52b5c": 0,
							"7ebe003cadb3b3dc909686e6b154611a0826ff12": 0,
							"89e060c94d74b0ea7085085435ca8116ee70206b": 0,
							"8bc3813c4b5cd0c87c5a1f65701e994cbf862f2a": 0,
							"92324bbf0577e8ba9f43545adfab703ff1e91d86": 0,
							"9818e5345dabb83905c9327d8e8f7b6c6ff5cfc3": 0,
							"aacd4d19914c5237872baf304bdc35d2fdf5d7f6": 0,
							"b65c41eb029de7c8096bd6de3c2539f0c092314f": 0,
							"bb416b7188f82b43b7c4e16de6e48025809b0233": 0,
							"bf11241bc34ab209828bfd68856fc423ad55d7d1": 0,
							"bf6ffeabed3ab6b2e4445c5e8f8f96c887f923a6": 0,
							"e0c45c4cc0620d20c1cbca7b5412df6c35898eb8": 0
						},
						"Indexes": [
							73,
							15,
							112,
							113,
							92,
							72,
							93,
							14,
							68,
							69
						],
						"Size": 10,
						"ShuffleCount": 1
					},
					"HideCardsTimer": {
						"Id": "",
						"IsTimer": true
					},
					"NumCards": 10,
					"UnusedCards": {
						"Deck": "cards",
						"Ids": [
							"649fe62963db013621987fbf6279e55cd6a8fe0b",
							"d25ed1c75e5887bfbc2f3c05f6ab411f2b161ac3",
							"77ea9e3d84d24f3258fc6d9e8951d7724f5ab692",
							"54426f8c8909d37a47ceb73a7f8ce4a5f335baa2",
							"625cc6bfbcdbd97b59c1a25f75d0f6a5fb5b905f",
							"9c9dfcdfc0aeb8148f4846ed73eed313fcb684ee",
							"d53c3d0f01af931997eab4aacdb37d823ae4952f",
							"67b1833250677db068fd05966a414bdeb0a3bb94",
							"5c05e638d1f43c29cd4ab30572fbbb2914df5ee2",
							"0f992686ae8efef622d3d1be23b9b26fb6b37e70",
							"2fc3a90881873c3453ee0d8a985013c101307262",
							"d4d6b1ac6fb69ecee1f79f4751fc662ec6ef3ca9",
							"79c596b2d15dfa77ce9ea6879a590f4e074c2125",
							"8dde27583f321278a01fc6813ae511cbce7cb145",
							"2ceac1625f9b98dd9d390604d64b16edc2178977",
							"3957890f82122015e6db10d78d9347dc1272e03e",
							"55c248db7f8f5116fc9fe6e79adebd2c0bc1f7e0",
							"4d39bf2e9da1a8c3d3f97bfb330ec1e8814d3d26",
							"c3ff8157518b89fdfe59f84641decde199c323b8",
							"2d57b4927c605e2ba95d58fb9ce98fc8ec8fca6f",
							"936df1ffda96fa9fe54f9c3c596b0e1fc0c357cb",
							"a50d4058d13e1c6a0513b6d6789a28e03d2e9aab",
							"e937085decf9dcbef2767545955681e6bcd43eb4",
							"ae30d5adabe5be982af5e9d1c42bd3a9671a071b",
							"e996464597a76cfb64e50abff89bd0169cf50c4c",
							"dd93118f1840ffdc0ab6e09377957c9ead85018b",
							"48b9796cf4cc9df33f00427140cc511ac533a1c5",
							"42af87c2c1c8bdd1a88fb652a2c5bd729dc29200",
							"f9e7005ad802624000113d6e0d09312c85d13fc5",
							"36d820f94309593efc583e9491a419d32c5af356",
							"346b21d306888206a595d5118073dfd1bf947d50",
							"a852006dcec2389fad4346634ad022f43e577c02",
							"25e51b6a8470aa3d28a0955f3bf28a1fb1360b2d",
							"6552ec0c71242255fd50e618f9bb1578042a245a",
							"360a2a119f43ae9ee2a2f93aa63133083e58291a",
							"01e958e5872bf8209c48ea709d02f5947e755114",
							"b9c5c8e01e9fce2ab6fbddcb4bb0c85f249bd9e2",
							"c9111b264c38dcf0f4b3ff231cad86a299146e26",
							"546f4dfb218f6f567a9878c3fba6885516356b57",
							"84bdc8e51964d54b55a9d755ea129a2f905e9ba0",
							"94d1466f62d0987cef16da44a39204f9aca39b2c",
							"5a98d67b9d1b4c901bcb06b33399f4e70c1b414c",
							"b8c0b125d4d10fe28773563aeba8a44b6e9ffa6f",
							"d1c84fa08ffdda9432654ad69a21b5329cedbc80",
							"0cc98ef807759e75bfa3d3f2880f23392278976e",
							"cafb747a7a14330776bd5e09a0fbb7a8c72ad0c0",
							"3ecf6ea909cf7b76d95eccf8f503de22049694cb",
							"7e9a6feb15dd53acd6a5d2d98862b24515ce0bb7",
							"04043721180560482536fae11327b82360bae394",
							"196d56be1cc5299582fb61501597c9c45547e829",
							"4f86f06c7eedcf2f06c3ba2d57e8397824aa679a",
							"3e518a1fb4b014490819342bc0ba258968b6f812",
							"bb8ec63199f85f56e04c6ff3098c4669d7dc25ea",
							"35cf5652250cee77ff1b173ea8337b4725bfce36",
							"8e2257cb07f3aad925d834164f3498ec3f29b0bf",
							"ed93c437a6c04c8c88728a8648cfc5d372adee9a",
							"3752eb929194fd82cd88f7e9564b1c070e0234a4",
							"e52b07380f2d6ac9e660f826502d8d0290da4d04",
							"178b9031e35f48073bcb8a380b3ba2a21bac1e00",
							"bff40432bbfd76a854ce7f5a6641f1b4e405e252",
							"92d7aac54677d7ac2f20426f551024655f20c1ef",
							"f1b65b1daa03195c16b83c53ac3c51442cf6b406",
							"845d307eb48e3a40e4cd70f3a5bbabd6bc95023a",
							"f1e2ae99d6de25bb99b3092d4c1b8ed6ca50182e",
							"ac1ea3e0e4027633e8fc31f2f55989d34d9d10e2",
							"bf46540bdce1674d8eae106f852dc89714ba4f1e",
							"c027ab71289884d0ebc14853720d997c5eca274b",
							"693d65d5b8c03cd73ba7951a3c437115011ea42b",
							"afd2716bde77b50ecc9fddd387325c5b189a686d",
							"ea81e8f5ffef19325a2ef2514c04cc8b35b79714",
							"2297e85383974c856fe2dcee70e2a37ea316c11a",
							"8add1f6d269aa556d3414ebec242873d5aff67ea",
							"a3ef89eedce1314c28bd40bd484c278f959f01b5",
							"8483024f702c36229a8a8947324ba44c24d093c5",
							"a6e55c56f7f50a57382d803bb40c76af41ca91ee",
							"f17565325449ece12e3a594f2f866b6191c7915d",
							"6d9a83aaa3d57079a6e1c513e2d730c13870a12e",
							"258e899ad5f9978f4d2df4fef601860af4926544",
							"eb8def5ac88bab4155522461fa82cc4eeb06079a",
							"ffe31db6148994ada25f5857a79cf14d5f4db0ef",
							"64e0a168ee7f867e3433e7685ac5ed743480763d",
							"8956838f13367b637a58e824b900188d82dadfd5",
							"b8586dcbef0edd090d83119ab245bd6ea89ef706",
							"99aafc9df95e9af9d4aec26886f25d326862903b",
							"fe802be5fb09a7998b6659ab7d2a3c1a2e46fc99",
							"d3cb1cf152594398e0877342d78037ca6419208a",
							"b7d626df0f950b4fb636e1223bfa5dde0de683fd",
							"65fd4474bf85de806c9000b8f8932e7b46b72ce4",
							"a95ebe163d6197f96aff24d2d4aaf719d9712a92",
							"3965179583dae75b9643d91f968b3dc96ec407b1",
							"dfe437f0421072f7970cd468dd5b2343aa535f40",
							"3ad51284f2442c272ff17ac55a15375d23983b9c",
							"876b2e1d21a691aa1a1c304c1c5bcb16ac8c236f",
							"a67a30ef2e7580f11758546766c5c35b9f4ded5c",
							"5970b1913ebd9d9dcbaa5b0c8bab9f2c15065b5f",
							"8fc8b745e12404b81ddd3d1ac31d67ea1c2ca75d",
							"e854fdc647dd85cad7194ca0bdd20650e971a8a6",
							"b5d86a860c9f4b465f8d4745bb12eda2fabd3697",
							"7221ed3fb99ed83a4b64f121083ecfde09d6bcf3",
							"2029a116ac162e7ea68b8684edaa9943b83d0d4a",
							"9b91c4e4b8f6751148cf8c5fd745f42894351ba4",
							"c5f294d41113d38a200e777ea31411772876cf61",
							"9b1c673d4e9152e01dc031ae4357022dbcd75529",
							"693598cee27eb0644a456f369b5f097d10461ebd",
							"044e1d02a7517ec9201a93fbdb6897f392392c1a",
							"7fd64da40f70f0736318d322b33c42afb2a32232",
							"a2d3a031bf5ebd7c76168fd511297cdf08939738",
							"b65bc62fb1b24e20f3ab914ba4b33b3badca530d",
							"99ded13654fb02542b4809a0f16117cfaa0411d6",
							"10ea9b84477e578569cc37f91f1748d6d66e6f2d"
						],
						"IdsLastSeen": {
							"00615de6addeb098310c447d9cd76da7682fe4b2": 0,
							"01e958e5872bf8209c48ea709d02f5947e755114": 0,
							"04043721180560482536fae11327b82360bae394": 0,
							"044e1d02a7517ec9201a93fbdb6897f392392c1a": 0,
							"0b51c756dffd61058d61e0b702446bf270f70748": 0,
							"0ca5b0f717e4d9df5dfba770d6b29070207fabc7": 0,
							"0cc98ef807759e75bfa3d3f2880f23392278976e": 0,
							"0dcb113031b25dd3fdc72661dfd0c4d693c013d9": 0,
							"0de09af3aa465f40a6ce1eeafaac55aa62da04ad": 0,
							"0e83eae40dce1b3ac4076eb245485b6a3c056edf": 0,
							"0ea28abc4d43776ffc5273f72be6b924e33273e2": 0,
							"0f992686ae8efef622d3d1be23b9b26fb6b37e70": 0,
							"10ea9b84477e578569cc37f91f1748d6d66e6f2d": 0,
							"125603478e972bc3c37b5e1b1ea1c2d06392b6e5": 0,
							"14678eed31cb2147e4aa9277d2ee418ec20362f7": 0,
							"15596722e2ea5cc2fecb761b95507b6d952bd511": 0,
							"1574e0a32624e30c588182cfd52d015cf97eb51a": 0,
							"178b9031e35f48073bcb8a380b3ba2a21bac1e00": 0,
							"17fe98b4e9cb804aff07db391d4a48b821e83f0d": 0,
							"17fed1f6b71c38741d1ff72612fffd6435d07796": 0,
							"18f5f59fb447b6300bf8d84ad8342638380bfb3a": 0,
							"196d56be1cc5299582fb61501597c9c45547e829": 0,
							"1c587dd06a4ac3a7cc63c3b703fbe7fa6d14e80d": 0,
							"1e3b75da27c0cc0833937fb5f94c37397f6ecef1": 0,
							"1fbc1912f7a6408bfc1012fc73d81b4c0eb6e522": 0,
							"2029a116ac162e7ea68b8684edaa9943b83d0d4a": 0,
							"21801ca9974e05ef2320db69335578f066be16d9": 0,
							"2297e85383974c856fe2dcee70e2a37ea316c11a": 0,
							"22ad214c5f3e170f176c616dc068ea11a029f2f6": 0,
							"24f0adee61eed2fd18c420adb3b67e246b37a075": 0,
							"258e899ad5f9978f4d2df4fef601860af4926544": 0,
							"25e51b6a8470aa3d28a0955f3bf28a1fb1360b2d": 0,
							"28a236e7873295463368b44c289368c216f1b9e9": 0,
							"2a850118240d283aca4d71f9f31224535adaf150": 0,
							"2b87a040b5f282076816866112cf3b397828b508": 0,
							"2ceac1625f9b98dd9d390604d64b16edc2178977": 0,
							"2d57b4927c605e2ba95d58fb9ce98fc8ec8fca6f": 0,
							"2fc3a90881873c3453ee0d8a985013c101307262": 0,
							"32a004b3704377d95f7ce992d260e63ffe9597f7": 0,
							"3445fd6207528928a5ed8cd07afe91cb2c6b2e60": 0,
							"346b21d306888206a595d5118073dfd1bf947d50": 0,
							"35cf5652250cee77ff1b173ea8337b4725bfce36": 0,
							"35d1f66c80ed33911799d9ad8a87380b1360b9b9": 0,
							"360a2a119f43ae9ee2a2f93aa63133083e58291a": 0,
							"36d820f94309593efc583e9491a419d32c5af356": 0,
							"36f7fd0bf10a38e60e0292945fc3496791935557": 0,
							"3752eb929194fd82cd88f7e9564b1c070e0234a4": 0,
							"3763e418a531bc54deb6adf64d0207678b6f14f6": 0,
							"39525f1882fa2b7a349699995af148357b081d68": 0,
							"3957890f82122015e6db10d78d9347dc1272e03e": 0,
							"3965179583dae75b9643d91f968b3dc96ec407b1": 0,
							"3ad51284f2442c272ff17ac55a15375d23983b9c": 0,
							"3e518a1fb4b014490819342bc0ba258968b6f812": 0,
							"3ecf6ea909cf7b76d95eccf8f503de22049694cb": 0,
							"4096e55caaa804ac0324dd9f19e6e54bc3a42a0f": 0,
							"41df3b35b8ef6b56d3025677ddccd3198aec7827": 0,
							"426de7ad260c52789bafb298057c31427f83a0fc": 0,
							"42af87c2c1c8bdd1a88fb652a2c5bd729dc29200": 0,
							"4493960e1803f449445d83e0424cc0eb977111ee": 0,
							"47563152a0b7cabf598da43cdda2800b771ddefd": 0,
							"48b9796cf4cc9df33f00427140cc511ac533a1c5": 0,
							"49dd49cb7e66a1d5d5b3db763f8a8e32fef780a7": 0,
							"4a09fe454721275304c2908f429e52ab49d1a1fc": 0,
							"4b4cbb06af22be7893c81da5d40fc982b69cc9ba": 0,
							"4d1c33d04483928b190e367c34a9c24824bf34ba": 0,
							"4d2ebfe6902b32adcdd8b812169cb040c26660c9": 0,
							"4d39bf2e9da1a8c3d3f97bfb330ec1e8814d3d26": 0,
							"4f86f06c7eedcf2f06c3ba2d57e8397824aa679a": 0,
							"4f9e11e2155e701df96e16809af686016df0d27f": 0,
							"510a4f0104de2bebf68d7a02f7543eb2a08eda1d": 0,
							"51801102084a489d541c8e9860886afe98ca0289": 0,
							"54426f8c8909d37a47ceb73a7f8ce4a5f335baa2": 0,
							"546f4dfb218f6f567a9878c3fba6885516356b57": 0,
							"557c726cb4a50a36a7fd4080c86a7b5ab0a52b5c": 0,
							"55c248db7f8f5116fc9fe6e79adebd2c0bc1f7e0": 0,
							"55cb4b87f8bcfca69a5ca12f374f0a56af093441": 0,
							"56745d244c016309dfac62360e77cf616678b689": 0,
							"5970b1913ebd9d9dcbaa5b0c8bab9f2c15065b5f": 0,
							"5a98d67b9d1b4c901bcb06b33399f4e70c1b414c": 0,
							"5b2cc531519b7c7b9ea327450a18d801f82e96db": 0,
							"5b8b6d95deaea724f87c649518d78b2a96bb3605": 0,
							"5c05e638d1f43c29cd4ab30572fbbb2914df5ee2": 0,
							"5e45147a3f2ef228127cbfcbd4bbaa5b2032603b": 0,
							"60b1bc5257bfc1f31668d07ecd4e6055723f6d36": 0,
							"625cc6bfbcdbd97b59c1a25f75d0f6a5fb5b905f": 0,
							"649fe62963db013621987fbf6279e55cd6a8fe0b": 0,
							"64e0a168ee7f867e3433e7685ac5ed743480763d": 0,
							"6552ec0c71242255fd50e618f9bb1578042a245a": 0,
							"65fd4474bf85de806c9000b8f8932e7b46b72ce4": 0,
							"6770ef1494d16eb50c8bd9736a06a085e69eb87d": 0,
							"67b1833250677db068fd05966a414bdeb0a3bb94": 0,
							"687e342e2419bb81da29f8ee53c299906835515f": 0,
							"69140d59f7a55ebaf77b26379cc4b9fe9f9128ba": 0,
							"693598cee27eb0644a456f369b5f097d10461ebd": 0,
							"693d65d5b8c03cd73ba7951a3c437115011ea42b": 0,
							"6a585dc1838bec408c43d76d9bb551d1e9fceacb": 0,
							"6aa68f103be4b270751ad4d525a00bc6070cc3ec": 0,
							"6b0027c53d9df04d7305ae27d2f76a1d1e6140c8": 0,
							"6c1da92ae5fba47a96b556f7e01756043b9b9f5f": 0,
							"6d9a83aaa3d57079a6e1c513e2d730c13870a12e": 0,
							"6e21ec32b25a877a4eda8d4f86a9ea66b325076e": 0,
							"6e67f8c169c6541633226a17f2b3c2ad440d1054": 0,
							"6ec80f487a6082b81f85a0743390f5297c358328": 0,
							"6fdb5d0ff4ed8f7c0e1bdd8195d8729d7528bc6c": 0,
							"7220b7da526dd6610ab99c2272b69d55e5370695": 0,
							"7221ed3fb99ed83a4b64f121083ecfde09d6bcf3": 0,
							"750cbd9a5255b232ce7b0379c9fd967c571674b7": 0,
							"76a082d18130b87775ef8cc679ce662e079cf2aa": 0,
							"76de1cf8f3659101a5391eeadb66129b72f4abd6": 0,
							"77d6154694335eeb26f806bc432ba587c85a372f": 0,
							"77ea9e3d84d24f3258fc6d9e8951d7724f5ab692": 0,
							"786c723391a09a8f4d59d841a39d0b102e4bfc4f": 0,
							"78f0eacc228745a4461cd4263e2d3cacb16a4575": 0,
							"792fa3d7234a2204bc8065371ef2d7d79468fa3d": 0,
							"79c596b2d15dfa77ce9ea6879a590f4e074c2125": 0,
							"7ab57884fa2567f0bd4c19138a90ef58f3995ebf": 0,
							"7e9a6feb15dd53acd6a5d2d98862b24515ce0bb7": 0,
							"7ebe003cadb3b3dc909686e6b154611a0826ff12": 0,
							"7fd64da40f70f0736318d322b33c42afb2a32232": 0,
							"80578c9855999d24675e3eb5041c39bed62d8ad0": 0,
							"81c258d899819c89fa13b275af26b663672495c7": 0,
							"845d307eb48e3a40e4cd70f3a5bbabd6bc95023a": 0,
							"8483024f702c36229a8a8947324ba44c24d093c5": 0,
							"84bdc8e51964d54b55a9d755ea129a2f905e9ba0": 0,
							"876b2e1d21a691aa1a1c304c1c5bcb16ac8c236f": 0,
							"8956838f13367b637a58e824b900188d82dadfd5": 0,
							"89e060c94d74b0ea7085085435ca8116ee70206b": 0,
							"8ac41df0f1997c10db2070606578592ac4e794b0": 0,
							"8add1f6d269aa556d3414ebec242873d5aff67ea": 0,
							"8ae18e89f8a27b95aaf2348b63113dff5761e0a9": 0,
							"8dde27583f321278a01fc6813ae511cbce7cb145": 0,
							"8e2257cb07f3aad925d834164f3498ec3f29b0bf": 0,
							"8f411c2e0e735b56246421b34436c3940add2257": 0,
							"8fc8b745e12404b81ddd3d1ac31d67ea1c2ca75d": 0,
							"915f570a5da3e96a12f5f4cd908ac65e4c45f582": 0,
							"92834c6b223bb22705b053b66a7ab05436afd5d7": 0,
							"92d7aac54677d7ac2f20426f551024655f20c1ef": 0,
							"936d27538b290f9c20912e78c7b3aba3ac987c10": 0,
							"936df1ffda96fa9fe54f9c3c596b0e1fc0c357cb": 0,
							"93e723f98144c4d224fc86e951e962aaa7f714b6": 0,
							"94d1466f62d0987cef16da44a39204f9aca39b2c": 0,
							"9514d0afb1f496b496ac75c422a2c9b8d0e16713": 0,
							"9818e5345dabb83905c9327d8e8f7b6c6ff5cfc3": 0,
							"9877ab60a0b66b6dbfce556c32af79865ef2a8b3": 0,
							"98c65a8e41e4ddf61234ef87b9d7a4b354a7dbe6": 0,
							"99aafc9df95e9af9d4aec26886f25d326862903b": 0,
							"99ded13654fb02542b4809a0f16117cfaa0411d6": 0,
							"9b1c673d4e9152e01dc031ae4357022dbcd75529": 0,
							"9b91c4e4b8f6751148cf8c5fd745f42894351ba4": 0,
							"9c9dfcdfc0aeb8148f4846ed73eed313fcb684ee": 0,
							"9cd84d756a6d9fa49668eae447ca57c48642cc06": 0,
							"9f577d85939e895e2625d32843ca846b201e5bca": 0,
							"9fedae40f8c07870e882236294327c23cca40913": 0,
							"a26fb15d046c03b50db53564259c12994f54ffc4": 0,
							"a2d3a031bf5ebd7c76168fd511297cdf08939738": 0,
							"a31f6abc69c439b6c759e6d862fe707744284d72": 0,
							"a3ef89eedce1314c28bd40bd484c278f959f01b5": 0,
							"a50d4058d13e1c6a0513b6d6789a28e03d2e9aab": 0,
							"a67a30ef2e7580f11758546766c5c35b9f4ded5c": 0,
							"a6e55c56f7f50a57382d803bb40c76af41ca91ee": 0,
							"a852006dcec2389fad4346634ad022f43e577c02": 0,
							"a8668a5a9cc9052c081fd211f2dbbc6d964cad84": 0,
							"a93b3d17d4e379d50cda6c6506b5f5a1607e4caf": 0,
							"a95ebe163d6197f96aff24d2d4aaf719d9712a92": 0,
							"aacd4d19914c5237872baf304bdc35d2fdf5d7f6": 0,
							"ab00439e69d08dd4dc971fde3eacc0c707361498": 0,
							"abfc634d080886060f888679275ed7067735b6e1": 0,
							"ac1ea3e0e4027633e8fc31f2f55989d34d9d10e2": 0,
							"ae30d5adabe5be982af5e9d1c42bd3a9671a071b": 0,
							"afd2716bde77b50ecc9fddd387325c5b189a686d": 0,
							"b122174a855d137250431f02e90ed4c39d6e4870": 0,
							"b3ded345113c87d7799a1f9fb9d44a94379c0cad": 0,
							"b5d86a860c9f4b465f8d4745bb12eda2fabd3697": 0,
							"b65bc62fb1b24e20f3ab914ba4b33b3badca530d": 0,
							"b7d626df0f950b4fb636e1223bfa5dde0de683fd": 0,
							"b8586dcbef0edd090d83119ab245bd6ea89ef706": 0,
							"b8a2718336591c253be25a13ffffc2d91460b5fe": 0,
							"b8c0b125d4d10fe28773563aeba8a44b6e9ffa6f": 0,
							"b9c5c8e01e9fce2ab6fbddcb4bb0c85f249bd9e2": 0,
							"bb8ec63199f85f56e04c6ff3098c4669d7dc25ea": 0,
							"bbcf6fa3fc55c276bc511558a2c1b7833f390805": 0,
							"bf11241bc34ab209828bfd68856fc423ad55d7d1": 0,
							"bf46540bdce1674d8eae106f852dc89714ba4f1e": 0,
							"bf6ffeabed3ab6b2e4445c5e8f8f96c887f923a6": 0,
							"bff40432bbfd76a854ce7f5a6641f1b4e405e252": 0,
							"c027ab71289884d0ebc14853720d997c5eca274b": 0,
							"c359dda1f9f64b757df8c03ba43013e994aa8cf9": 0,
							"c3ff8157518b89fdfe59f84641decde199c323b8": 0,
							"c4e157ab88f5734951e1a859baddd3b36a460e07": 0,
							"c53d733362fb979c9956982519f8d172882adf4d": 0,
							"c5f294d41113d38a200e777ea31411772876cf61": 0,
							"c8668f945df792270926b2a8bc686117a1cf397e": 0,
							"c9111b264c38dcf0f4b3ff231cad86a299146e26": 0,
							"cafb747a7a14330776bd5e09a0fbb7a8c72ad0c0": 0,
							"ccafccc3bcb7d5662f25c20ead2e80b162a1605a": 0,
							"d0132b0e5f2d21ff5b345aa1d76c343a9a5ef3e7": 0,
							"d0836e1a1daa4f083b6989bcd0b49897f00bc30a": 0,
							"d0e84f00c2d82447eb5155540ffac6b1e5ec1648": 0,
							"d15beaada47e87a8820e50839889c8df3c0381a0": 0,
							"d1c84fa08ffdda9432654ad69a21b5329cedbc80": 0,
							"d21da766546b8077fdd0d220ff9f28978d3fa933": 0,
							"d25ed1c75e5887bfbc2f3c05f6ab411f2b161ac3": 0,
							"d3cb1cf152594398e0877342d78037ca6419208a": 0,
							"d4d6b1ac6fb69ecee1f79f4751fc662ec6ef3ca9": 0,
							"d50030e6a728026311ba9e15b9dcac36f3daa561": 0,
							"d53c3d0f01af931997eab4aacdb37d823ae4952f": 0,
							"d57aa91d8769ce66750dd225f4169c419b8e2017": 0,
							"d6805b56177ee1bdbb647fe3c12206f411b4f733": 0,
							"d890752f0a25e9e30190c693bf54b9e9f51e946c": 0,
							"db0db3997ceb0883186a1d852d9c8e09348067e6": 0,
							"dd93118f1840ffdc0ab6e09377957c9ead85018b": 0,
							"ddf0a8ebe8863666ada8541553c4c8a14ec3bd51": 0,
							"dfe437f0421072f7970cd468dd5b2343aa535f40": 0,
							"e0c45c4cc0620d20c1cbca7b5412df6c35898eb8": 0,
							"e210520a03770b697bb6c42096ae014c8fb9c709": 0,
							"e44a56728513f9e2e33ead61e6cf227366067732": 0,
							"e52b07380f2d6ac9e660f826502d8d0290da4d04": 0,
							"e64a5572bc1c1d5b28f0505eaf1a50fb7844e926": 0,
							"e854fdc647dd85cad7194ca0bdd20650e971a8a6": 0,
							"e937085decf9dcbef2767545955681e6bcd43eb4": 0,
							"e996464597a76cfb64e50abff89bd0169cf50c4c": 0,
							"ea81e8f5ffef19325a2ef2514c04cc8b35b79714": 0,
							"eb8def5ac88bab4155522461fa82cc4eeb06079a": 0,
							"ece4fd1fe80d0cd8dd81f6d02cf1396f695e8083": 0,
							"ed10906af7f31738b94c0c40165365674a388efc": 0,
							"ed93c437a6c04c8c88728a8648cfc5d372adee9a": 0,
							"efb8f9ae888860f178c19cb65cf8c9304bde4795": 0,
							"f0a07de088e9f40fb72691b42cba8e6689747eab": 0,
							"f17565325449ece12e3a594f2f866b6191c7915d": 0,
							"f1b65b1daa03195c16b83c53ac3c51442cf6b406": 0,
							"f1e2ae99d6de25bb99b3092d4c1b8ed6ca50182e": 0,
							"f21127b891c04e6ec07856c9333361eb675e2097": 0,
							"f42f5c0efe5e70aff261cd30d9a52aeee75ac316": 0,
							"f7b6fc684af9560128ace96fa5ae9204c7577acd": 0,
							"f8d6e1a3fefde6536dece379558f2512b048f4ce": 0,
							"f9e7005ad802624000113d6e0d09312c85d13fc5": 0,
							"fb82146b91114ea0ca0631c4c4366fa500347459": 0,
							"fe802be5fb09a7998b6659ab7d2a3c1a2e46fc99": 0,
							"ff7a71da95d4340dd02317f11dd5580f988835fc": 0,
							"ffe31db6148994ada25f5857a79cf14d5f4db0ef": 0
						},
						"Indexes": [
							60,
							40,
							76,
							116,
							8,
							82,
							49,
							9,
							11,
							17,
							57,
							13,
							31,
							46,
							0,
							21,
							118,
							100,
							81,
							43,
							80,
							1,
							52,
							33,
							36,
							47,
							104,
							78,
							18,
							103,
							56,
							32,
							117,
							99,
							53,
							12,
							62,
							10,
							79,
							94,
							6,
							83,
							28,
							88,
							89,
							102,
							55,
							74,
							66,
							4,
							39,
							51,
							109,
							107,
							2,
							86,
							54,
							23,
							3,
							97,
							20,
							115,
							114,
							101,
							108,
							111,
							67,
							75,
							64,
							61,
							85,
							59,
							91,
							38,
							29,
							35,
							25,
							84,
							110,
							65,
							41,
							95,
							50,
							7,
							71,
							37,
							63,
							45,
							26,
							77,
							48,
							5,
							24,
							58,
							106,
							105,
							70,
							90,
							96,
							16,
							87,
							42,
							19,
							119,
							98,
							34,
							30,
							27,
							22,
							44
						],
						"ShuffleCount": 1
					},
					"VisibleCards": {
						"Deck": "cards",
						"Ids": [
							"",
							"",
							"",
							"",
							"",
							"",
							"",
							"",
							"",
							""
						],
						"IdsLastSeen": {},
						"Indexes": [
							-1,
							-1,
							-1,
							-1,
							-1,
							-1,
							-1,
							-1,
							-1,
							-1
						],
						"Size": 10
					}
				}
			],
			"Players": [
				[
					{
						"CardsLeftToReveal": 2,
						"WonCards": {
							"Deck": "cards",
							"Ids": [],
							"IdsLastSeen": {},
							"Indexes": []
						}
					},
					{
						"CardsLeftToReveal": 0,
						"WonCards": {
							"Deck": "cards",
							"Ids": [],
							"IdsLastSeen": {},
							"Indexes": []
						}
					}
				]
			],
			"SecretMoveCount": [
				{
					"cards": [
						1,
						1,
						1,
						1,
						1,
						1,
						1,
						1,
						1,
						1,
						1,
						1,
						1,
						1,
						2,
						2,
						1,
						1,
						1,
						1,
						1,
						1,
						1,
						1,
						1,
						1,
						1,
						1,
						1,
						1,
						1,
						1,
						1,
						1,
						1,
						1,
						1,
						1,
						1,
						1,
						1,
						1,
						1,
						1,
						1,
						1,
						1,
						1,
						1,
						1,
						1,
						1,
						1,
						1,
						1,
						1,
						1,
						1,
						1,
						1,
						1,
						1,
						1,
						1,
						1,
						1,
						1,
						1,
						2,
						2,
						1,
						1,
						2,
						2,
						1,
						1,
						1,
						1,
						1,
						1,
						1,
						1,
						1,
						1,
						1,
						1,
						1,
						1,
						1,
						1,
						1,
						1,
						2,
						2,
						1,
						1,
						1,
						1,
						1,
						1,
						1,
						1,
						1,
						1,
						1,
						1,
						1,
						1,
						1,
						1,
						1,
						1,
						2,
						2,
						1,
						1,
						1,
						1,
						1,
						1
					]
				}
			],
			"Version": [
				0
			]
		},
		{
			"Game": {
				"Cards": {
					"IdsLastSeen": {
						"29e2715869172cf5743e61766a1de5265bddad3a": [
							1
						]
					}
				},
				"HiddenCards": {
					"Ids": {
						"2": [
							"@@ -1,40 +0,0 @@\n-29e2715869172cf5743e61766a1de5265bddad3a\n",
							0,
							2
						],
						"_t": "a"
					},
					"Indexes": {
						"2": [
							112,
							-1
						],
						"_t": "a"
					}
				},
				"VisibleCards": {
					"Ids": {
						"2": [
							"",
							"29e2715869172cf5743e61766a1de5265bddad3a"
						],
						"_t": "a"
					},
					"IdsLastSeen": {
						"29e2715869172cf5743e61766a1de5265bddad3a": [
							1
						]
					},
					"Indexes": {
						"2": [
							-1,
							112
						],
						"_t": "a"
					}
				}
			},
			"Players": {
				"0": {
					"CardsLeftToReveal": [
						2,
						1
					]
				},
				"_t": "a"
			},
			"Version": [
				0,
				1
			]
		},
		{
			"Game": {
				"Cards": {
					"IdsLastSeen": {
						"4edc6b4f6c335ec64f39334f0afaf6b7a33bb8cd": [
							2
						]
					}
				},
				"HiddenCards": {
					"Ids": {
						"7": [
							"@@ -1,40 +0,0 @@\n-4edc6b4f6c335ec64f39334f0afaf6b7a33bb8cd\n",
							0,
							2
						],
						"_t": "a"
					},
					"Indexes": {
						"7": [
							14,
							-1
						],
						"_t": "a"
					}
				},
				"VisibleCards": {
					"Ids": {
						"7": [
							"",
							"4edc6b4f6c335ec64f39334f0afaf6b7a33bb8cd"
						],
						"_t": "a"
					},
					"IdsLastSeen": {
						"4edc6b4f6c335ec64f39334f0afaf6b7a33bb8cd": [
							2
						]
					},
					"Indexes": {
						"7": [
							-1,
							14
						],
						"_t": "a"
					}
				}
			},
			"Players": {
				"0": {
					"CardsLeftToReveal": [
						1,
						0
					]
				},
				"_t": "a"
			},
			"Version": [
				1,
				2
			]
		},
		{
			"Game": {
				"HideCardsTimer": {
					"Id": [
						"",
						"F4CC96527194DBCC"
					]
				}
			},
			"Version": [
				2,
				3
			]
		},
		{
			"Game": {
				"Cards": {
					"IdsLastSeen": {
						"29e2715869172cf5743e61766a1de5265bddad3a": [
							1,
							4
						],
						"4edc6b4f6c335ec64f39334f0afaf6b7a33bb8cd": [
							2,
							4
						]
					}
				},
				"HiddenCards": {
					"Ids": {
						"2": [
							"",
							"29e2715869172cf5743e61766a1de5265bddad3a"
						],
						"7": [
							"",
							"4edc6b4f6c335ec64f39334f0afaf6b7a33bb8cd"
						],
						"_t": "a"
					},
					"IdsLastSeen": {
						"29e2715869172cf5743e61766a1de5265bddad3a": [
							0,
							4
						],
						"4edc6b4f6c335ec64f39334f0afaf6b7a33bb8cd": [
							0,
							4
						]
					},
					"Indexes": {
						"2": [
							-1,
							112
						],
						"7": [
							-1,
							14
						],
						"_t": "a"
					}
				},
				"HideCardsTimer": {
					"Id": [
						"F4CC96527194DBCC",
						""
					]
				},
				"VisibleCards": {
					"Ids": {
						"0": [
							""
						],
						"1": [
							""
						],
						"_2": [
							"29e2715869172cf5743e61766a1de5265bddad3a",
							0,
							0
						],
						"_7": [
							"4edc6b4f6c335ec64f39334f0afaf6b7a33bb8cd",
							0,
							0
						],
						"_t": "a"
					},
					"Indexes": {
						"0": [
							-1
						],
						"1": [
							-1
						],
						"_2": [
							112,
							0,
							0
						],
						"_7": [
							14,
							0,
							0
						],
						"_t": "a"
					}
				}
			},
			"Version": [
				3,
				4
			]
		},
		{
			"Game": {
				"CurrentPlayer": [
					0,
					1
				]
			},
			"Players": {
				"1": {
					"CardsLeftToReveal": [
						0,
						2
					]
				},
				"_t": "a"
			},
			"Version": [
				4,
				5
			]
		}
	]
}