{
	"Game": {
		"Name": "tictactoe",
		"Id": "1B7C0A299F5B79C5",
		"SecretSalt": "50EFCB1CD35B7F4E",
		"Version": 17,
		"Winners": null,
		"Finished": true,
		"Created": "2018-10-07T16:47:21.883496-07:00",
		"Modified": "2018-10-07T16:47:51.468671-07:00",
		"NumPlayers": 2,
		"Agents": [
			"",
			""
		],
		"Variant": null
	},
	"Moves": [
		{
			"Name": "Place Token",
			"Version": 1,
			"Initiator": 1,
			"Phase": 0,
			"Proposer": 0,
			"Timestamp": "2018-10-07T16:47:23.40106-07:00",
			"Blob": {
				"TargetPlayerIndex": 0,
				"Slot": 0
			}
		},
		{
			"Name": "Finish Turn",
			"Version": 2,
			"Initiator": 1,
			"Phase": 1,
			"Proposer": -2,
			"Timestamp": "2018-10-07T16:47:23.402537-07:00",
			"Blob": {}
		},
		{
			"Name": "Place Token",
			"Version": 3,
			"Initiator": 3,
			"Phase": 1,
			"Proposer": 1,
			"Timestamp": "2018-10-07T16:47:24.310898-07:00",
			"Blob": {
				"TargetPlayerIndex": 1,
				"Slot": 2
			}
		},
		{
			"Name": "Finish Turn",
			"Version": 4,
			"Initiator": 3,
			"Phase": 1,
			"Proposer": -2,
			"Timestamp": "2018-10-07T16:47:24.312347-07:00",
			"Blob": {}
		},
		{
			"Name": "Place Token",
			"Version": 5,
			"Initiator": 5,
			"Phase": 1,
			"Proposer": 0,
			"Timestamp": "2018-10-07T16:47:25.075933-07:00",
			"Blob": {
				"TargetPlayerIndex": 0,
				"Slot": 1
			}
		},
		{
			"Name": "Finish Turn",
			"Version": 6,
			"Initiator": 5,
			"Phase": 1,
			"Proposer": -2,
			"Timestamp": "2018-10-07T16:47:25.077351-07:00",
			"Blob": {}
		},
		{
			"Name": "Place Token",
			"Version": 7,
			"Initiator": 7,
			"Phase": 1,
			"Proposer": 1,
			"Timestamp": "2018-10-07T16:47:26.302089-07:00",
			"Blob": {
				"TargetPlayerIndex": 1,
				"Slot": 4
			}
		},
		{
			"Name": "Finish Turn",
			"Version": 8,
			"Initiator": 7,
			"Phase": 1,
			"Proposer": -2,
			"Timestamp": "2018-10-07T16:47:26.303537-07:00",
			"Blob": {}
		},
		{
			"Name": "Place Token",
			"Version": 9,
			"Initiator": 9,
			"Phase": 1,
			"Proposer": 0,
			"Timestamp": "2018-10-07T16:47:27.888487-07:00",
			"Blob": {
				"TargetPlayerIndex": 0,
				"Slot": 6
			}
		},
		{
			"Name": "Finish Turn",
			"Version": 10,
			"Initiator": 9,
			"Phase": 1,
			"Proposer": -2,
			"Timestamp": "2018-10-07T16:47:27.890031-07:00",
			"Blob": {}
		},
		{
			"Name": "Place Token",
			"Version": 11,
			"Initiator": 11,
			"Phase": 1,
			"Proposer": 1,
			"Timestamp": "2018-10-07T16:47:29.992465-07:00",
			"Blob": {
				"TargetPlayerIndex": 1,
				"Slot": 3
			}
		},
		{
			"Name": "Finish Turn",
			"Version": 12,
			"Initiator": 11,
			"Phase": 1,
			"Proposer": -2,
			"Timestamp": "2018-10-07T16:47:29.99402-07:00",
			"Blob": {}
		},
		{
			"Name": "Place Token",
			"Version": 13,
			"Initiator": 13,
			"Phase": 1,
			"Proposer": 0,
			"Timestamp": "2018-10-07T16:47:31.668487-07:00",
			"Blob": {
				"TargetPlayerIndex": 0,
				"Slot": 5
			}
		},
		{
			"Name": "Finish Turn",
			"Version": 14,
			"Initiator": 13,
			"Phase": 1,
			"Proposer": -2,
			"Timestamp": "2018-10-07T16:47:31.670086-07:00",
			"Blob": {}
		},
		{
			"Name": "Place Token",
			"Version": 15,
			"Initiator": 15,
			"Phase": 1,
			"Proposer": 1,
			"Timestamp": "2018-10-07T16:47:50.377663-07:00",
			"Blob": {
				"TargetPlayerIndex": 1,
				"Slot": 7
			}
		},
		{
			"Name": "Finish Turn",
			"Version": 16,
			"Initiator": 15,
			"Phase": 1,
			"Proposer": -2,
			"Timestamp": "2018-10-07T16:47:50.379924-07:00",
			"Blob": {}
		},
		{
			"Name": "Place Token",
			"Version": 17,
			"Initiator": 17,
			"Phase": 1,
			"Proposer": 0,
			"Timestamp": "2018-10-07T16:47:51.468671-07:00",
			"Blob": {
				"TargetPlayerIndex": 0,
				"Slot": 8
			}
		}
	],
	"StatePatches": [
		{
			"Components": [
				{}
			],
			"Game": [
				{
					"CurrentPlayer": 0,
					"Phase": "Before First Move",
					"Slots": {
						"Deck": "tokens",
						"Ids": [
							"",
							"",
							"",
							"",
							"",
							"",
							"",
							"",
							""
						],
						"IdsLastSeen": {},
						"Indexes": [
							-1,
							-1,
							-1,
							-1,
							-1,
							-1,
							-1,
							-1,
							-1
						],
						"Size": 9
					}
				}
			],
			"Players": [
				[
					{
						"TokenValue": "X",
						"TokensToPlaceThisTurn": 1,
						"UnusedTokens": {
							"Deck": "tokens",
							"Ids": [
								"ad6c8ff761dc2254deefea8b59773f56b06fa91a",
								"e5dbe9837ddf6ceb4673e7235c39faf36746e017",
								"fed2df931ff77d780957b91f6db2e27866e4f881",
								"9be6607ce6225177655ee0466d9185493acddbd4",
								"e50bb998c2836a6343e45249b77915486cd931a3"
							],
							"IdsLastSeen": {
								"9be6607ce6225177655ee0466d9185493acddbd4": 0,
								"ad6c8ff761dc2254deefea8b59773f56b06fa91a": 0,
								"e50bb998c2836a6343e45249b77915486cd931a3": 0,
								"e5dbe9837ddf6ceb4673e7235c39faf36746e017": 0,
								"fed2df931ff77d780957b91f6db2e27866e4f881": 0
							},
							"Indexes": [
								0,
								1,
								2,
								3,
								4
							]
						}
					},
					{
						"TokenValue": "O",
						"TokensToPlaceThisTurn": 1,
						"UnusedTokens": {
							"Deck": "tokens",
							"Ids": [
								"f0ae2973af2f7058dbdb8e368cc4152f3bb4c00a",
								"07216e792479d65d90d8d002d14898ca8decdb22",
								"0deb653784fcb5577c39ec45aa0befb9b694d05d",
								"218dcf2b8ed10ab120245c17b2b24df5afffe391",
								"6df4f5cf849d52009d975fa32ec96a90fdceb9f9"
							],
							"IdsLastSeen": {
								"07216e792479d65d90d8d002d14898ca8decdb22": 0,
								"0deb653784fcb5577c39ec45aa0befb9b694d05d": 0,
								"218dcf2b8ed10ab120245c17b2b24df5afffe391": 0,
								"6df4f5cf849d52009d975fa32ec96a90fdceb9f9": 0,
								"f0ae2973af2f7058dbdb8e368cc4152f3bb4c00a": 0
							},
							"Indexes": [
								5,
								6,
								7,
								8,
								9
							]
						}
					}
				]
			],
			"Version": [
				0
			]
		},
		{
			"Game": {
				"Phase": [
					"Before First Move",
					"After First Move"
				],
				"Slots": {
					"Ids": {
						"0": [
							"",
							"ad6c8ff761dc2254deefea8b59773f56b06fa91a"
						],
						"_t": "a"
					},
					"IdsLastSeen": {
						"ad6c8ff761dc2254deefea8b59773f56b06fa91a": [
							1
						]
					},
					"Indexes": {
						"0": [
							-1,
							0
						],
						"_t": "a"
					}
				}
			},
			"Players": {
				"0": {
					"TokensToPlaceThisTurn": [
						1,
						0
					],
					"UnusedTokens": {
						"Ids": {
							"_0": [
								"ad6c8ff761dc2254deefea8b59773f56b06fa91a",
								0,
								0
							],
							"_t": "a"
						},
						"Indexes": {
							"_0": [
								0,
								0,
								0
							],
							"_t": "a"
						}
					}
				},
				"_t": "a"
			},
			"Version": [
				0,
				1
			]
		},
		{
			"Game": {
				"CurrentPlayer": [
					0,
					1
				]
			},
			"Version": [
				1,
				2
			]
		},
		{
			"Game": {
				"Slots": {
					"Ids": {
						"2": [
							"",
							"f0ae2973af2f7058dbdb8e368cc4152f3bb4c00a"
						],
						"_t": "a"
					},
					"IdsLastSeen": {
						"f0ae2973af2f7058dbdb8e368cc4152f3bb4c00a": [
							3
						]
					},
					"Indexes": {
						"2": [
							-1,
							5
						],
						"_t": "a"
					}
				}
			},
			"Players": {
				"1": {
					"TokensToPlaceThisTurn": [
						1,
						0
					],
					"UnusedTokens": {
						"Ids": {
							"_0": [
								"f0ae2973af2f7058dbdb8e368cc4152f3bb4c00a",
								0,
								0
							],
							"_t": "a"
						},
						"Indexes": {
							"_0": [
								5,
								0,
								0
							],
							"_t": "a"
						}
					}
				},
				"_t": "a"
			},
			"Version": [
				2,
				3
			]
		},
		{
			"Game": {
				"CurrentPlayer": [
					1,
					0
				]
			},
			"Players": {
				"0": {
					"TokensToPlaceThisTurn": [
						0,
						1
					]
				},
				"_t": "a"
			},
			"Version": [
				3,
				4
			]
		},
		{
			"Game": {
				"Slots": {
					"Ids": {
						"1": [
							"",
							"e5dbe9837ddf6ceb4673e7235c39faf36746e017"
						],
						"_t": "a"
					},
					"IdsLastSeen": {
						"e5dbe9837ddf6ceb4673e7235c39faf36746e017": [
							5
						]
					},
					"Indexes": {
						"1": [
							-1,
							1
						],
						"_t": "a"
					}
				}
			},
			"Players": {
				"0": {
					"TokensToPlaceThisTurn": [
						1,
						0
					],
					"UnusedTokens": {
						"Ids": {
							"_0": [
								"e5dbe9837ddf6ceb4673e7235c39faf36746e017",
								0,
								0
							],
							"_t": "a"
						},
						"Indexes": {
							"_0": [
								1,
								0,
								0
							],
							"_t": "a"
						}
					}
				},
				"_t": "a"
			},
			"Version": [
				4,
				5
			]
		},
		{
			"Game": {
				"CurrentPlayer": [
					0,
					1
				]
			},
			"Players": {
				"1": {
					"TokensToPlaceThisTurn": [
						0,
						1
					]
				},
				"_t": "a"
			},
			"Version": [
				5,
				6
			]
		},
		{
			"Game": {
				"Slots": {
					"Ids": {
						"4": [
							"",
							"07216e792479d65d90d8d002d14898ca8decdb22"
						],
						"_t": "a"
					},
					"IdsLastSeen": {
						"07216e792479d65d90d8d002d14898ca8decdb22": [
							7
						]
					},
					"Indexes": {
						"4": [
							-1,
							6
						],
						"_t": "a"
					}
				}
			},
			"Players": {
				"1": {
					"TokensToPlaceThisTurn": [
						1,
						0
					],
					"UnusedTokens": {
						"Ids": {
							"_0": [
								"07216e792479d65d90d8d002d14898ca8decdb22",
								0,
								0
							],
							"_t": "a"
						},
						"Indexes": {
							"_0": [
								6,
								0,
								0
							],
							"_t": "a"
						}
					}
				},
				"_t": "a"
			},
			"Version": [
				6,
				7
			]
		},
		{
			"Game": {
				"CurrentPlayer": [
					1,
					0
				]
			},
			"Players": {
				"0": {
					"TokensToPlaceThisTurn": [
						0,
						1
					]
				},
				"_t": "a"
			},
			"Version": [
				7,
				8
			]
		},
		{
			"Game": {
				"Slots": {
					"Ids": {
						"6": [
							"",
							"fed2df931ff77d780957b91f6db2e27866e4f881"
						],
						"_t": "a"
					},
					"IdsLastSeen": {
						"fed2df931ff77d780957b91f6db2e27866e4f881": [
							9
						]
					},
					"Indexes": {
						"6": [
							-1,
							2
						],
						"_t": "a"
					}
				}
			},
			"Players": {
				"0": {
					"TokensToPlaceThisTurn": [
						1,
						0
					],
					"UnusedTokens": {
						"Ids": {
							"_0": [
								"fed2df931ff77d780957b91f6db2e27866e4f881",
								0,
								0
							],
							"_t": "a"
						},
						"Indexes": {
							"_0": [
								2,
								0,
								0
							],
							"_t": "a"
						}
					}
				},
				"_t": "a"
			},
			"Version": [
				8,
				9
			]
		},
		{
			"Game": {
				"CurrentPlayer": [
					0,
					1
				]
			},
			"Players": {
				"1": {
					"TokensToPlaceThisTurn": [
						0,
						1
					]
				},
				"_t": "a"
			},
			"Version": [
				9,
				10
			]
		},
		{
			"Game": {
				"Slots": {
					"Ids": {
						"3": [
							"",
							"0deb653784fcb5577c39ec45aa0befb9b694d05d"
						],
						"_t": "a"
					},
					"IdsLastSeen": {
						"0deb653784fcb5577c39ec45aa0befb9b694d05d": [
							11
						]
					},
					"Indexes": {
						"3": [
							-1,
							7
						],
						"_t": "a"
					}
				}
			},
			"Players": {
				"1": {
					"TokensToPlaceThisTurn": [
						1,
						0
					],
					"UnusedTokens": {
						"Ids": {
							"_0": [
								"0deb653784fcb5577c39ec45aa0befb9b694d05d",
								0,
								0
							],
							"_t": "a"
						},
						"Indexes": {
							"_0": [
								7,
								0,
								0
							],
							"_t": "a"
						}
					}
				},
				"_t": "a"
			},
			"Version": [
				10,
				11
			]
		},
		{
			"Game": {
				"CurrentPlayer": [
					1,
					0
				]
			},
			"Players": {
				"0": {
					"TokensToPlaceThisTurn": [
						0,
						1
					]
				},
				"_t": "a"
			},
			"Version": [
				11,
				12
			]
		},
		{
			"Game": {
				"Slots": {
					"Ids": {
						"5": [
							"",
							"9be6607ce6225177655ee0466d9185493acddbd4"
						],
						"_t": "a"
					},
					"IdsLastSeen": {
						"9be6607ce6225177655ee0466d9185493acddbd4": [
							13
						]
					},
					"Indexes": {
						"5": [
							-1,
							3
						],
						"_t": "a"
					}
				}
			},
			"Players": {
				"0": {
					"TokensToPlaceThisTurn": [
						1,
						0
					],
					"UnusedTokens": {
						"Ids": {
							"_0": [
								"9be6607ce6225177655ee0466d9185493acddbd4",
								0,
								0
							],
							"_t": "a"
						},
						"Indexes": {
							"_0": [
								3,
								0,
								0
							],
							"_t": "a"
						}
					}
				},
				"_t": "a"
			},
			"Version": [
				12,
				13
			]
		},
		{
			"Game": {
				"CurrentPlayer": [
					0,
					1
				]
			},
			"Players": {
				"1": {
					"TokensToPlaceThisTurn": [
						0,
						1
					]
				},
				"_t": "a"
			},
			"Version": [
				13,
				14
			]
		},
		{
			"Game": {
				"Slots": {
					"Ids": {
						"7": [
							"",
							"218dcf2b8ed10ab120245c17b2b24df5afffe391"
						],
						"_t": "a"
					},
					"IdsLastSeen": {
						"218dcf2b8ed10ab120245c17b2b24df5afffe391": [
							15
						]
					},
					"Indexes": {
						"7": [
							-1,
							8
						],
						"_t": "a"
					}
				}
			},
			"Players": {
				"1": {
					"TokensToPlaceThisTurn": [
						1,
						0
					],
					"UnusedTokens": {
						"Ids": {
							"_0": [
								"218dcf2b8ed10ab120245c17b2b24df5afffe391",
								0,
								0
							],
							"_t": "a"
						},
						"Indexes": {
							"_0": [
								8,
								0,
								0
							],
							"_t": "a"
						}
					}
				},
				"_t": "a"
			},
			"Version": [
				14,
				15
			]
		},
		{
			"Game": {
				"CurrentPlayer": [
					1,
					0
				]
			},
			"Players": {
				"0": {
					"TokensToPlaceThisTurn": [
						0,
						1
					]
				},
				"_t": "a"
			},
			"Version": [
				15,
				16
			]
		},
		{
			"Game": {
				"Slots": {
					"Ids": {
						"8": [
							"",
							"e50bb998c2836a6343e45249b77915486cd931a3"
						],
						"_t": "a"
					},
					"IdsLastSeen": {
						"e50bb998c2836a6343e45249b77915486cd931a3": [
							17
						]
					},
					"Indexes": {
						"8": [
							-1,
							4
						],
						"_t": "a"
					}
				}
			},
			"Players": {
				"0": {
					"TokensToPlaceThisTurn": [
						1,
						0
					],
					"UnusedTokens": {
						"Ids": {
							"_0": [
								"e50bb998c2836a6343e45249b77915486cd931a3",
								0,
								0
							],
							"_t": "a"
						},
						"Indexes": {
							"_0": [
								4,
								0,
								0
							],
							"_t": "a"
						}
					}
				},
				"_t": "a"
			},
			"Version": [
				16,
				17
			]
		}
	]
}